2025-05-22 15:38:28,224 INFO: Starting extract process
2025-05-22 15:39:07,294 INFO: File extracted successfully
2025-05-22 15:39:12,599 INFO: Starting transform process
2025-05-22 15:40:11,852 INFO: File transformed successfully
2025-05-22 15:40:11,852 INFO: Starting load process
2025-05-22 15:42:34,340 INFO: Successfully load to postgresql
2025-05-22 15:42:34,343 INFO: Closing down clientserver connection
2025-05-23 10:42:35,119 INFO: Starting extract process
2025-05-23 10:43:15,394 INFO: File extracted successfully
2025-05-23 10:43:21,059 INFO: Starting transform process
2025-05-23 10:44:20,866 INFO: File transformed successfully
2025-05-23 10:44:20,866 INFO: Starting load process
2025-05-23 10:47:20,278 INFO: Closing down clientserver connection
2025-05-23 10:52:58,742 INFO: Starting extract process
2025-05-23 10:53:03,507 INFO: File extracted successfully
2025-05-23 10:53:09,124 INFO: Starting transform process
2025-05-23 10:53:14,209 INFO: Closing down clientserver connection
2025-05-23 10:54:24,562 INFO: Starting extract process
2025-05-23 10:54:29,451 INFO: File extracted successfully
2025-05-23 10:54:33,386 INFO: Starting transform process
2025-05-23 10:54:39,460 INFO: Closing down clientserver connection
2025-05-23 10:55:17,653 INFO: Starting extract process
2025-05-23 10:55:22,203 INFO: File extracted successfully
2025-05-23 10:55:26,250 INFO: Starting transform process
2025-05-23 10:55:31,132 INFO: Closing down clientserver connection
2025-05-23 11:02:46,264 INFO: Starting extract process
2025-05-23 11:02:48,775 INFO: name 'Decimal' is not defined
2025-05-23 11:02:51,507 INFO: name 'Decimal' is not defined
2025-05-23 11:02:54,956 INFO: name 'Decimal' is not defined
2025-05-23 11:02:57,442 INFO: name 'Decimal' is not defined
2025-05-23 11:03:03,518 INFO: name 'Decimal' is not defined
2025-05-23 11:03:03,519 INFO: File extracted successfully
2025-05-23 11:03:08,237 INFO: Starting transform process
2025-05-23 11:03:13,513 INFO: Closing down clientserver connection
2025-05-23 11:04:33,991 INFO: Starting extract process
2025-05-23 11:04:55,431 INFO: File extracted successfully
2025-05-23 11:04:59,501 INFO: Starting transform process
2025-05-23 11:05:55,789 INFO: File transformed successfully
2025-05-23 11:05:55,790 INFO: Starting load process
2025-05-23 11:10:42,748 INFO: Successfully load to postgresql
2025-05-23 11:10:42,969 INFO: Closing down clientserver connection
2025-05-23 11:19:57,770 INFO: Starting extract process
2025-05-23 11:20:20,784 INFO: File extracted successfully
2025-05-23 11:20:25,778 INFO: Starting transform process
2025-05-23 11:21:21,635 INFO: File transformed successfully
2025-05-23 11:21:21,635 INFO: Starting load process
2025-05-23 11:21:21,886 INFO: Closing down clientserver connection
2025-05-23 11:21:53,659 INFO: Starting extract process
2025-05-23 11:22:17,087 INFO: File extracted successfully
2025-05-23 11:22:22,758 INFO: Starting transform process
2025-05-23 11:23:23,747 INFO: File transformed successfully
2025-05-23 11:23:23,747 INFO: Starting load process
2025-05-23 13:41:12,657 INFO: Starting extract process
2025-05-23 13:41:35,442 INFO: File extracted successfully
2025-05-23 13:41:41,499 INFO: Starting transform process
2025-05-23 13:46:24,919 INFO: Starting extract process
2025-05-23 13:46:51,065 INFO: File extracted successfully
2025-05-23 13:46:56,915 INFO: Starting transform process
2025-05-23 13:48:13,076 INFO: File transformed successfully
2025-05-23 13:48:13,077 INFO: Starting load process
2025-05-23 13:51:05,508 INFO: Successfully load to postgresql
2025-05-23 13:51:05,509 INFO: Closing down clientserver connection
2025-05-23 15:39:07,849 INFO: Starting extract process
2025-05-23 15:39:29,727 INFO: File extracted successfully
2025-05-23 15:39:35,487 INFO: Starting transform process
2025-05-23 15:39:43,061 INFO: Closing down clientserver connection
2025-05-23 15:41:03,988 INFO: Starting extract process
2025-05-23 15:41:26,424 INFO: File extracted successfully
2025-05-23 15:41:31,032 INFO: Starting transform process
2025-05-23 15:42:49,191 INFO: File transformed successfully
2025-05-23 15:42:49,194 INFO: Starting load process
2025-05-23 15:45:40,982 INFO: Successfully load to postgresql
2025-05-23 15:45:41,002 INFO: Closing down clientserver connection
